MPLINK 4.31, Linker
Linker Map File - Created Tue Jan 19 01:16:40 2010

                                 Section Info
                  Section       Type    Address   Location Size(Bytes)
                ---------  ---------  ---------  ---------  ---------
               _entry_scn       code   0x000000    program   0x000006
                   .cinit    romdata   0x000006    program   0x00000e
           .code_FATLib.o       code   0x000014    program   0x001584
         .code_vfprintf.o       code   0x001598    program   0x0012b0
         .code_SDDriver.o       code   0x002848    program   0x0005b6
             .code_Main.o       code   0x002dfe    program   0x000432
             .stringtable    romdata   0x003230    program   0x0001f0
               _cinit_scn       code   0x003420    program   0x00009e
        .code_SpiDriver.o       code   0x0034be    program   0x00009a
           .code_printf.o       code   0x003558    program   0x000098
            .code_uopen.o       code   0x0035f0    program   0x00008a
             .code_putc.o       code   0x00367a    program   0x000084
          .code_fxm3232.o       code   0x0036fe    program   0x000070
                   STRING       code   0x00376e    program   0x000066
                     PROG       code   0x0037d4    program   0x00005a
         .code_fxd3232u.o       code   0x00382e    program   0x000048
                    CTYPE       code   0x003876    program   0x000024
             _startup_scn       code   0x00389a    program   0x00001c
                    STDIO       code   0x0038b6    program   0x00001c
      .romdata_vfprintf.o    romdata   0x0038d2    program   0x000011
      .idata_vfprintf.o_i    romdata   0x0038e3    program   0x000000
        .romdata_stdout.o    romdata   0x0038e3    program   0x000000
    .romdata__user_putc.o    romdata   0x0038e3    program   0x000000
          .idata_putc.o_i    romdata   0x0038e3    program   0x000000
        .romdata_printf.o    romdata   0x0038e3    program   0x000000
        .idata_printf.o_i    romdata   0x0038e3    program   0x000000
          .romdata_putc.o    romdata   0x0038e3    program   0x000000
        .romdata___init.o    romdata   0x0038e3    program   0x000000
        .idata___init.o_i    romdata   0x0038e3    program   0x000000
    .idata__user_putc.o_i    romdata   0x0038e3    program   0x000000
         .romdata_uopen.o    romdata   0x0038e3    program   0x000000
         .idata_uopen.o_i    romdata   0x0038e3    program   0x000000
         .idata_c018i.o_i    romdata   0x0038e3    program   0x000000
         .romdata_c018i.o    romdata   0x0038e3    program   0x000000
      .idata_SDDriver.o_i    romdata   0x0038e3    program   0x000000
      .romdata_SDDriver.o    romdata   0x0038e3    program   0x000000
          .idata_Main.o_i    romdata   0x0038e3    program   0x000000
          .romdata_Main.o    romdata   0x0038e3    program   0x000000
     .idata_SpiDriver.o_i    romdata   0x0038e3    program   0x000000
     .romdata_SpiDriver.o    romdata   0x0038e3    program   0x000000
       .romdata_fxm3232.o    romdata   0x0038e3    program   0x000000
       .idata_fxm3232.o_i    romdata   0x0038e3    program   0x000000
      .romdata_fxd3232u.o    romdata   0x0038e3    program   0x000000
      .idata_fxd3232u.o_i    romdata   0x0038e3    program   0x000000
        .romdata_FATLib.o    romdata   0x0038e3    program   0x000000
        .idata_FATLib.o_i    romdata   0x0038e3    program   0x000000
                    .code       code   0x0038e4    program   0x00000e
           .code_stdout.o       code   0x0038e4    program   0x000000
            .code_c018i.o       code   0x0038e4    program   0x000000
       .code__user_putc.o       code   0x0038f2    program   0x000002
           .code___init.o       code   0x0038f4    program   0x000002
        .idata_stdout.o_i    romdata   0x0038f6    program   0x000002
    .config_300000_Main.o    romdata   0x300000    program   0x000001
    .config_300001_Main.o    romdata   0x300001    program   0x000001
    .config_300002_Main.o    romdata   0x300002    program   0x000001
    .config_300003_Main.o    romdata   0x300003    program   0x000001
    .config_300005_Main.o    romdata   0x300005    program   0x000001
    .config_300006_Main.o    romdata   0x300006    program   0x000001
                 .tmpdata      udata   0x000000       data   0x000023
                MATH_DATA      udata   0x000023       data   0x000014
           .udata_c018i.o      udata   0x000060       data   0x00000a
          .idata_stdout.o      idata   0x00006a       data   0x000002
           .udata_uopen.o      udata   0x00006c       data   0x000000
           .idata_uopen.o      idata   0x00006c       data   0x000000
          .udata___init.o      udata   0x00006c       data   0x000000
          .idata___init.o      idata   0x00006c       data   0x000000
          .udata_printf.o      udata   0x00006c       data   0x000000
          .idata_printf.o      idata   0x00006c       data   0x000000
          .udata_stdout.o      udata   0x00006c       data   0x000000
        .udata_vfprintf.o      udata   0x00006c       data   0x000000
        .idata_vfprintf.o      idata   0x00006c       data   0x000000
            .udata_putc.o      udata   0x00006c       data   0x000000
            .idata_putc.o      idata   0x00006c       data   0x000000
      .udata__user_putc.o      udata   0x00006c       data   0x000000
      .idata__user_putc.o      idata   0x00006c       data   0x000000
         .idata_fxm3232.o      idata   0x00006c       data   0x000000
         .udata_fxm3232.o      udata   0x00006c       data   0x000000
        .idata_fxd3232u.o      idata   0x00006c       data   0x000000
        .udata_fxd3232u.o      udata   0x00006c       data   0x000000
          .idata_FATLib.o      idata   0x00006c       data   0x000000
          .udata_FATLib.o      udata   0x00006c       data   0x000000
       .idata_SpiDriver.o      idata   0x00006c       data   0x000000
       .udata_SpiDriver.o      udata   0x00006c       data   0x000000
            .idata_Main.o      idata   0x00006c       data   0x000000
            .udata_Main.o      udata   0x00006c       data   0x000000
        .idata_SDDriver.o      idata   0x00006c       data   0x000000
        .udata_SDDriver.o      udata   0x00006c       data   0x000000
           .idata_c018i.o      idata   0x00006c       data   0x000000
                   .stack      udata   0x000300       data   0x000100
                   FATLIB      udata   0x000500       data   0x00024f
            SFR_UNBANKED0      udata   0x000f66       data   0x00009a



                              Program Memory Usage 
                               Start         End      
                           ---------   ---------      
                            0x000000    0x0038e2      
                            0x0038e4    0x0038f7      
                            0x300000    0x300003      
                            0x300005    0x300006      
            14589 out of 33048 program addresses used, program memory utilization is 44%



                              Symbols - Sorted by Name
                     Name    Address   Location    Storage File                     
                ---------  ---------  ---------  --------- ---------                
                  BitTest   0x00015e    program     extern D:\Proyectos\Electrónica\FATLib_v1.2\FATLib.c
            BlockToSerial   0x00312a    program     extern D:\Proyectos\Electrónica\FATLib_v1.2\Main.c
               CheckIfEOD   0x0008ae    program     extern D:\Proyectos\Electrónica\FATLib_v1.2\FATLib.c
        CheckIfNormalFile   0x0008c8    program     extern D:\Proyectos\Electrónica\FATLib_v1.2\FATLib.c
           CloseDirectory   0x00112a    program     extern D:\Proyectos\Electrónica\FATLib_v1.2\FATLib.c
                CloseFile   0x001592    program     extern D:\Proyectos\Electrónica\FATLib_v1.2\FATLib.c
               ComputeLBA   0x000816    program     extern D:\Proyectos\Electrónica\FATLib_v1.2\FATLib.c
    DetermineDirEntryType   0x0008f6    program     extern D:\Proyectos\Electrónica\FATLib_v1.2\FATLib.c
                 FXD3232U   0x00382e    program     extern C:\MCC18\src\traditional\math\fxd3232u.c
                 FXM1616S   0x0037d4    program     extern C:\MCC18\src\traditional\math\fxm1616s.asm
                  FXM3232   0x0036fe    program     extern C:\MCC18\src\traditional\math\fxm3232.c
    FindFirstFATPartition   0x0004cc    program     extern D:\Proyectos\Electrónica\FATLib_v1.2\FATLib.c
             FindNextFile   0x000d5e    program     extern D:\Proyectos\Electrónica\FATLib_v1.2\FATLib.c
                 GetAttib   0x0008c0    program     extern D:\Proyectos\Electrónica\FATLib_v1.2\FATLib.c
               GetDirName   0x000a18    program     extern D:\Proyectos\Electrónica\FATLib_v1.2\FATLib.c
                 GetEntry   0x0002d4    program     extern D:\Proyectos\Electrónica\FATLib_v1.2\FATLib.c
      GetFileFirstCluster   0x000a7c    program     extern D:\Proyectos\Electrónica\FATLib_v1.2\FATLib.c
              GetFileName   0x000978    program     extern D:\Proyectos\Electrónica\FATLib_v1.2\FATLib.c
              GetFileSize   0x000958    program     extern D:\Proyectos\Electrónica\FATLib_v1.2\FATLib.c
                   Make16   0x000110    program     extern D:\Proyectos\Electrónica\FATLib_v1.2\FATLib.c
                   Make32   0x000014    program     extern D:\Proyectos\Electrónica\FATLib_v1.2\FATLib.c
            OpenDirectory   0x000cfe    program     extern D:\Proyectos\Electrónica\FATLib_v1.2\FATLib.c
                 OpenFile   0x001130    program     extern D:\Proyectos\Electrónica\FATLib_v1.2\FATLib.c
                OpenUSART   0x0035f0    program     extern C:\MCC18\src\pmc_common\USART\uopen.c
             ReadDirEntry   0x00023e    program     extern D:\Proyectos\Electrónica\FATLib_v1.2\FATLib.c
                  ReadFAT   0x000a9c    program     extern D:\Proyectos\Electrónica\FATLib_v1.2\FATLib.c
                 ReadFile   0x0011e2    program     extern D:\Proyectos\Electrónica\FATLib_v1.2\FATLib.c
               ReadSector   0x0001fe    program     extern D:\Proyectos\Electrónica\FATLib_v1.2\FATLib.c
             ReadVolumeID   0x0005be    program     extern D:\Proyectos\Electrónica\FATLib_v1.2\FATLib.c
              SDConfigure   0x0028be    program     extern D:\Proyectos\Electrónica\FATLib_v1.2\SDDriver.c
                   SDInit   0x0028fe    program     extern D:\Proyectos\Electrónica\FATLib_v1.2\SDDriver.c
              SDReadBlock   0x002c7c    program     extern D:\Proyectos\Electrónica\FATLib_v1.2\SDDriver.c
               SDResponse   0x002848    program     extern D:\Proyectos\Electrónica\FATLib_v1.2\SDDriver.c
             SDWriteBlock   0x002aba    program     extern D:\Proyectos\Electrónica\FATLib_v1.2\SDDriver.c
                  SpiInit   0x003532    program     extern D:\Proyectos\Electrónica\FATLib_v1.2\SpiDriver.c
                    SpiRW   0x00353a    program     extern D:\Proyectos\Electrónica\FATLib_v1.2\SpiDriver.c
      SpiSetClockPolarity   0x0034de    program     extern D:\Proyectos\Electrónica\FATLib_v1.2\SpiDriver.c
            SpiSetDivisor   0x0034be    program     extern D:\Proyectos\Electrónica\FATLib_v1.2\SpiDriver.c
         SpiSetSampleMode   0x003516    program     extern D:\Proyectos\Electrónica\FATLib_v1.2\SpiDriver.c
       SpiSetTXTransition   0x0034fa    program     extern D:\Proyectos\Electrónica\FATLib_v1.2\SpiDriver.c
               TSIGN1616A   0x003820    program     static C:\MCC18\src\traditional\math\fxm1616s.asm
                 UserInit   0x0030f4    program     extern D:\Proyectos\Electrónica\FATLib_v1.2\Main.c
                   _2jEnd   0x0037be    program     static C:\MCC18\src\traditional\stdclib\slenpgm.asm
       ___return_lbl00000   0x00376c    program     static                          
       ___return_lbl00000   0x003874    program     static                          
       ___return_lbl00000   0x000004    program     static                          
       ___return_lbl00001   0x0038b4    program     static                          
       ___return_lbl00002   0x0034bc    program     static                          
               __config_0   0x300000    program     static D:\Proyectos\Electrónica\FATLib_v1.2\Main.c
               __config_1   0x300001    program     static D:\Proyectos\Electrónica\FATLib_v1.2\Main.c
               __config_2   0x300002    program     static D:\Proyectos\Electrónica\FATLib_v1.2\Main.c
               __config_3   0x300003    program     static D:\Proyectos\Electrónica\FATLib_v1.2\Main.c
               __config_4   0x300005    program     static D:\Proyectos\Electrónica\FATLib_v1.2\Main.c
               __config_5   0x300006    program     static D:\Proyectos\Electrónica\FATLib_v1.2\Main.c
                   __init   0x0038f4    program     extern C:\MCC18\src\traditional\stdclib\__init.c
               __string_0   0x0033ee    program     static D:\Proyectos\Electrónica\FATLib_v1.2\Main.c
               __string_0   0x003414    program     static D:\Proyectos\Electrónica\FATLib_v1.2\FATLib.c
               __string_1   0x0033d0    program     static D:\Proyectos\Electrónica\FATLib_v1.2\Main.c
              __string_10   0x0032c9    program     static D:\Proyectos\Electrónica\FATLib_v1.2\Main.c
              __string_11   0x0032b5    program     static D:\Proyectos\Electrónica\FATLib_v1.2\Main.c
              __string_12   0x0032a0    program     static D:\Proyectos\Electrónica\FATLib_v1.2\Main.c
              __string_13   0x003287    program     static D:\Proyectos\Electrónica\FATLib_v1.2\Main.c
              __string_14   0x003284    program     static D:\Proyectos\Electrónica\FATLib_v1.2\Main.c
              __string_15   0x003236    program     static D:\Proyectos\Electrónica\FATLib_v1.2\Main.c
              __string_16   0x003230    program     static D:\Proyectos\Electrónica\FATLib_v1.2\Main.c
               __string_2   0x0033bd    program     static D:\Proyectos\Electrónica\FATLib_v1.2\Main.c
               __string_3   0x0033aa    program     static D:\Proyectos\Electrónica\FATLib_v1.2\Main.c
               __string_4   0x003369    program     static D:\Proyectos\Electrónica\FATLib_v1.2\Main.c
               __string_5   0x003352    program     static D:\Proyectos\Electrónica\FATLib_v1.2\Main.c
               __string_6   0x003338    program     static D:\Proyectos\Electrónica\FATLib_v1.2\Main.c
               __string_7   0x003317    program     static D:\Proyectos\Electrónica\FATLib_v1.2\Main.c
               __string_8   0x003302    program     static D:\Proyectos\Electrónica\FATLib_v1.2\Main.c
               __string_9   0x0032ec    program     static D:\Proyectos\Electrónica\FATLib_v1.2\Main.c
              __tmplbl_42   0x00281c    program     static                          
              __tmplbl_43   0x0027bc    program     static                          
              __tmplbl_45   0x00268a    program     static                          
              __tmplbl_58   0x0027f8    program     static                          
              __tmplbl_59   0x0027e8    program     static                          
              __tmplbl_60   0x0027f8    program     static                          
              __tmplbl_61   0x0027f8    program     static                          
              __tmplbl_62   0x0027e8    program     static                          
              __tmplbl_63   0x0027e8    program     static                          
              __tmplbl_64   0x0027f8    program     static                          
              __tmplbl_65   0x0027e8    program     static                          
              __tmplbl_67   0x0027e8    program     static                          
              __tmplbl_68   0x0027e8    program     static                          
              __tmplbl_69   0x0027f8    program     static                          
              __tmplbl_70   0x0027e8    program     static                          
              __tmplbl_72   0x0027e8    program     static                          
              __tmplbl_73   0x0027e8    program     static                          
              __tmplbl_74   0x0027f8    program     static                          
              __tmplbl_75   0x0027e8    program     static                          
              __tmplbl_97   0x00162c    program     static                          
            __zero_memory   0x0038e4    program     extern C:\MCC18\src\traditional\proc\p18F2550.asm
                _do_cinit   0x003420    program     extern C:\MCC18\src\traditional\startup\c018i.c
                   _entry   0x000000    program     extern C:\MCC18\src\traditional\startup\c018i.c
                   _false   0x003870    program     static                          
                 _startup   0x00389a    program     extern C:\MCC18\src\traditional\startup\c018i.c
              _usart_putc   0x0038b6    program     extern C:\MCC18\src\pmc_common\USART\_usartpc.asm
               _user_putc   0x0038f2    program     extern C:\MCC18\src\traditional\stdclib\_user_putc.c
               clear_loop   0x0038ea    program     static C:\MCC18\src\traditional\proc\p18F2550.asm
                copy_loop   0x003492    program     static                          
            copy_one_byte   0x003498    program     static                          
                     done   0x0034bc    program     static                          
             done_copying   0x0034a6    program     static                          
                  isdigit   0x003876    program     extern C:\MCC18\src\traditional\stdclib\isdigit.asm
                     jEnd   0x0037c0    program     static C:\MCC18\src\traditional\stdclib\slenpgm.asm
                     jEnd   0x003788    program     static C:\MCC18\src\traditional\stdclib\strlen.asm
                    jLoop   0x00377e    program     static C:\MCC18\src\traditional\stdclib\strlen.asm
                    jLoop   0x0037a8    program     static C:\MCC18\src\traditional\stdclib\slenpgm.asm
                   jMatch   0x003896    program     static C:\MCC18\src\traditional\stdclib\isdigit.asm
                 jNoMatch   0x003898    program     static C:\MCC18\src\traditional\stdclib\isdigit.asm
                     loop   0x0038aa    program     static                          
                     loop   0x00383c    program     static                          
                     loop   0x0038c6    program     static C:\MCC18\src\pmc_common\USART\_usartpc.asm
                     main   0x002dfe    program     extern D:\Proyectos\Electrónica\FATLib_v1.2\Main.c
                   printf   0x003558    program     extern C:\MCC18\src\traditional\stdclib\printf.c
                     putc   0x00367a    program     extern C:\MCC18\src\traditional\stdclib\putc.c
                 s_digits   0x0038d2    program     static C:\MCC18\src\traditional\stdclib\vfprintf.c
            s_put_n_chars   0x001598    program     static C:\MCC18\src\traditional\stdclib\vfprintf.c
                   strlen   0x00376e    program     extern C:\MCC18\src\traditional\stdclib\strlen.asm
                strlenpgm   0x00378a    program     extern C:\MCC18\src\traditional\stdclib\slenpgm.asm
                     test   0x00343a    program     static                          
                 vfprintf   0x0015f6    program     extern C:\MCC18\src\traditional\stdclib\vfprintf.c
                   ADCON0   0x000fc2       data     extern C:\MCC18\src\traditional\proc\p18F2550.asm
               ADCON0bits   0x000fc2       data     extern C:\MCC18\src\traditional\proc\p18F2550.asm
                   ADCON1   0x000fc1       data     extern C:\MCC18\src\traditional\proc\p18F2550.asm
               ADCON1bits   0x000fc1       data     extern C:\MCC18\src\traditional\proc\p18F2550.asm
                   ADCON2   0x000fc0       data     extern C:\MCC18\src\traditional\proc\p18F2550.asm
               ADCON2bits   0x000fc0       data     extern C:\MCC18\src\traditional\proc\p18F2550.asm
                    ADRES   0x000fc3       data     extern C:\MCC18\src\traditional\proc\p18F2550.asm
                   ADRESH   0x000fc4       data     extern C:\MCC18\src\traditional\proc\p18F2550.asm
                   ADRESL   0x000fc3       data     extern C:\MCC18\src\traditional\proc\p18F2550.asm
                  BAUDCON   0x000fb8       data     extern C:\MCC18\src\traditional\proc\p18F2550.asm
              BAUDCONbits   0x000fb8       data     extern C:\MCC18\src\traditional\proc\p18F2550.asm
                      BSR   0x000fe0       data     extern C:\MCC18\src\traditional\proc\p18F2550.asm
           BytesPerSector   0x000720       data     extern D:\Proyectos\Electrónica\FATLib_v1.2\FATLib.c
                   CCP1AS   0x000fb6       data     extern C:\MCC18\src\traditional\proc\p18F2550.asm
               CCP1ASbits   0x000fb6       data     extern C:\MCC18\src\traditional\proc\p18F2550.asm
                  CCP1CON   0x000fbd       data     extern C:\MCC18\src\traditional\proc\p18F2550.asm
              CCP1CONbits   0x000fbd       data     extern C:\MCC18\src\traditional\proc\p18F2550.asm
                  CCP1DEL   0x000fb7       data     extern C:\MCC18\src\traditional\proc\p18F2550.asm
              CCP1DELbits   0x000fb7       data     extern C:\MCC18\src\traditional\proc\p18F2550.asm
                  CCP2CON   0x000fba       data     extern C:\MCC18\src\traditional\proc\p18F2550.asm
              CCP2CONbits   0x000fba       data     extern C:\MCC18\src\traditional\proc\p18F2550.asm
                    CCPR1   0x000fbe       data     extern C:\MCC18\src\traditional\proc\p18F2550.asm
                   CCPR1H   0x000fbf       data     extern C:\MCC18\src\traditional\proc\p18F2550.asm
                   CCPR1L   0x000fbe       data     extern C:\MCC18\src\traditional\proc\p18F2550.asm
                    CCPR2   0x000fbb       data     extern C:\MCC18\src\traditional\proc\p18F2550.asm
                   CCPR2H   0x000fbc       data     extern C:\MCC18\src\traditional\proc\p18F2550.asm
                   CCPR2L   0x000fbb       data     extern C:\MCC18\src\traditional\proc\p18F2550.asm
                    CMCON   0x000fb4       data     extern C:\MCC18\src\traditional\proc\p18F2550.asm
                CMCONbits   0x000fb4       data     extern C:\MCC18\src\traditional\proc\p18F2550.asm
                   CVRCON   0x000fb5       data     extern C:\MCC18\src\traditional\proc\p18F2550.asm
               CVRCONbits   0x000fb5       data     extern C:\MCC18\src\traditional\proc\p18F2550.asm
                     DDRA   0x000f92       data     extern C:\MCC18\src\traditional\proc\p18F2550.asm
                 DDRAbits   0x000f92       data     extern C:\MCC18\src\traditional\proc\p18F2550.asm
                     DDRB   0x000f93       data     extern C:\MCC18\src\traditional\proc\p18F2550.asm
                 DDRBbits   0x000f93       data     extern C:\MCC18\src\traditional\proc\p18F2550.asm
                     DDRC   0x000f94       data     extern C:\MCC18\src\traditional\proc\p18F2550.asm
                 DDRCbits   0x000f94       data     extern C:\MCC18\src\traditional\proc\p18F2550.asm
             DataBeginLBA   0x00072e       data     extern D:\Proyectos\Electrónica\FATLib_v1.2\FATLib.c
                 DirEntry   0x000700       data     extern D:\Proyectos\Electrónica\FATLib_v1.2\FATLib.c
  DirectoryCurrentCluster   0x000731       data     extern D:\Proyectos\Electrónica\FATLib_v1.2\FATLib.c
 DirectoryCurrentDirEntry   0x000739       data     extern D:\Proyectos\Electrónica\FATLib_v1.2\FATLib.c
      DirectoryCurrentLBA   0x000735       data     extern D:\Proyectos\Electrónica\FATLib_v1.2\FATLib.c
   DirectoryCurrentSector   0x00073a       data     extern D:\Proyectos\Electrónica\FATLib_v1.2\FATLib.c
          DirectoryOpened   0x00073c       data     extern D:\Proyectos\Electrónica\FATLib_v1.2\FATLib.c
                  ECCP1AS   0x000fb6       data     extern C:\MCC18\src\traditional\proc\p18F2550.asm
              ECCP1ASbits   0x000fb6       data     extern C:\MCC18\src\traditional\proc\p18F2550.asm
                 ECCP1DEL   0x000fb7       data     extern C:\MCC18\src\traditional\proc\p18F2550.asm
             ECCP1DELbits   0x000fb7       data     extern C:\MCC18\src\traditional\proc\p18F2550.asm
                    EEADR   0x000fa9       data     extern C:\MCC18\src\traditional\proc\p18F2550.asm
                   EECON1   0x000fa6       data     extern C:\MCC18\src\traditional\proc\p18F2550.asm
               EECON1bits   0x000fa6       data     extern C:\MCC18\src\traditional\proc\p18F2550.asm
                   EECON2   0x000fa7       data     extern C:\MCC18\src\traditional\proc\p18F2550.asm
                   EEDATA   0x000fa8       data     extern C:\MCC18\src\traditional\proc\p18F2550.asm
               EODReached   0x00073d       data     extern D:\Proyectos\Electrónica\FATLib_v1.2\FATLib.c
              FAT16Offset   0x000730       data     extern D:\Proyectos\Electrónica\FATLib_v1.2\FATLib.c
                     FSR0   0x000fe9       data     extern C:\MCC18\src\traditional\proc\p18F2550.asm
                    FSR0H   0x000fea       data     extern C:\MCC18\src\traditional\proc\p18F2550.asm
                    FSR0L   0x000fe9       data     extern C:\MCC18\src\traditional\proc\p18F2550.asm
                     FSR1   0x000fe1       data     extern C:\MCC18\src\traditional\proc\p18F2550.asm
                    FSR1H   0x000fe2       data     extern C:\MCC18\src\traditional\proc\p18F2550.asm
                    FSR1L   0x000fe1       data     extern C:\MCC18\src\traditional\proc\p18F2550.asm
                     FSR2   0x000fd9       data     extern C:\MCC18\src\traditional\proc\p18F2550.asm
                    FSR2H   0x000fda       data     extern C:\MCC18\src\traditional\proc\p18F2550.asm
                    FSR2L   0x000fd9       data     extern C:\MCC18\src\traditional\proc\p18F2550.asm
              FatBeginLBA   0x00072c       data     extern D:\Proyectos\Electrónica\FATLib_v1.2\FATLib.c
       FileCurrentCluster   0x00073e       data     extern D:\Proyectos\Electrónica\FATLib_v1.2\FATLib.c
           FileCurrentLBA   0x000742       data     extern D:\Proyectos\Electrónica\FATLib_v1.2\FATLib.c
        FileCurrentSector   0x000746       data     extern D:\Proyectos\Electrónica\FATLib_v1.2\FATLib.c
          FileLengthCount   0x000748       data     extern D:\Proyectos\Electrónica\FATLib_v1.2\FATLib.c
               FileOpened   0x00074e       data     extern D:\Proyectos\Electrónica\FATLib_v1.2\FATLib.c
       FileSectorPosition   0x00074c       data     extern D:\Proyectos\Electrónica\FATLib_v1.2\FATLib.c
                  HLVDCON   0x000fd2       data     extern C:\MCC18\src\traditional\proc\p18F2550.asm
              HLVDCONbits   0x000fd2       data     extern C:\MCC18\src\traditional\proc\p18F2550.asm
                    INDF0   0x000fef       data     extern C:\MCC18\src\traditional\proc\p18F2550.asm
                    INDF1   0x000fe7       data     extern C:\MCC18\src\traditional\proc\p18F2550.asm
                    INDF2   0x000fdf       data     extern C:\MCC18\src\traditional\proc\p18F2550.asm
                   INTCON   0x000ff2       data     extern C:\MCC18\src\traditional\proc\p18F2550.asm
                  INTCON2   0x000ff1       data     extern C:\MCC18\src\traditional\proc\p18F2550.asm
              INTCON2bits   0x000ff1       data     extern C:\MCC18\src\traditional\proc\p18F2550.asm
                  INTCON3   0x000ff0       data     extern C:\MCC18\src\traditional\proc\p18F2550.asm
              INTCON3bits   0x000ff0       data     extern C:\MCC18\src\traditional\proc\p18F2550.asm
               INTCONbits   0x000ff2       data     extern C:\MCC18\src\traditional\proc\p18F2550.asm
                     IPR1   0x000f9f       data     extern C:\MCC18\src\traditional\proc\p18F2550.asm
                 IPR1bits   0x000f9f       data     extern C:\MCC18\src\traditional\proc\p18F2550.asm
                     IPR2   0x000fa2       data     extern C:\MCC18\src\traditional\proc\p18F2550.asm
                 IPR2bits   0x000fa2       data     extern C:\MCC18\src\traditional\proc\p18F2550.asm
                     LATA   0x000f89       data     extern C:\MCC18\src\traditional\proc\p18F2550.asm
                 LATAbits   0x000f89       data     extern C:\MCC18\src\traditional\proc\p18F2550.asm
                     LATB   0x000f8a       data     extern C:\MCC18\src\traditional\proc\p18F2550.asm
                 LATBbits   0x000f8a       data     extern C:\MCC18\src\traditional\proc\p18F2550.asm
                     LATC   0x000f8b       data     extern C:\MCC18\src\traditional\proc\p18F2550.asm
                 LATCbits   0x000f8b       data     extern C:\MCC18\src\traditional\proc\p18F2550.asm
                   LVDCON   0x000fd2       data     extern C:\MCC18\src\traditional\proc\p18F2550.asm
               LVDCONbits   0x000fd2       data     extern C:\MCC18\src\traditional\proc\p18F2550.asm
             NumberOfFATs   0x000725       data     extern D:\Proyectos\Electrónica\FATLib_v1.2\FATLib.c
  NumberOfReservedSectors   0x000723       data     extern D:\Proyectos\Electrónica\FATLib_v1.2\FATLib.c
                   OSCCON   0x000fd3       data     extern C:\MCC18\src\traditional\proc\p18F2550.asm
               OSCCONbits   0x000fd3       data     extern C:\MCC18\src\traditional\proc\p18F2550.asm
                  OSCTUNE   0x000f9b       data     extern C:\MCC18\src\traditional\proc\p18F2550.asm
              OSCTUNEbits   0x000f9b       data     extern C:\MCC18\src\traditional\proc\p18F2550.asm
                       PC   0x000ff9       data     extern C:\MCC18\src\traditional\proc\p18F2550.asm
                      PCL   0x000ff9       data     extern C:\MCC18\src\traditional\proc\p18F2550.asm
                   PCLATH   0x000ffa       data     extern C:\MCC18\src\traditional\proc\p18F2550.asm
                   PCLATU   0x000ffb       data     extern C:\MCC18\src\traditional\proc\p18F2550.asm
                     PIE1   0x000f9d       data     extern C:\MCC18\src\traditional\proc\p18F2550.asm
                 PIE1bits   0x000f9d       data     extern C:\MCC18\src\traditional\proc\p18F2550.asm
                     PIE2   0x000fa0       data     extern C:\MCC18\src\traditional\proc\p18F2550.asm
                 PIE2bits   0x000fa0       data     extern C:\MCC18\src\traditional\proc\p18F2550.asm
                     PIR1   0x000f9e       data     extern C:\MCC18\src\traditional\proc\p18F2550.asm
                 PIR1bits   0x000f9e       data     extern C:\MCC18\src\traditional\proc\p18F2550.asm
                     PIR2   0x000fa1       data     extern C:\MCC18\src\traditional\proc\p18F2550.asm
                 PIR2bits   0x000fa1       data     extern C:\MCC18\src\traditional\proc\p18F2550.asm
                   PLUSW0   0x000feb       data     extern C:\MCC18\src\traditional\proc\p18F2550.asm
                   PLUSW1   0x000fe3       data     extern C:\MCC18\src\traditional\proc\p18F2550.asm
                   PLUSW2   0x000fdb       data     extern C:\MCC18\src\traditional\proc\p18F2550.asm
                    PORTA   0x000f80       data     extern C:\MCC18\src\traditional\proc\p18F2550.asm
                PORTAbits   0x000f80       data     extern C:\MCC18\src\traditional\proc\p18F2550.asm
                    PORTB   0x000f81       data     extern C:\MCC18\src\traditional\proc\p18F2550.asm
                PORTBbits   0x000f81       data     extern C:\MCC18\src\traditional\proc\p18F2550.asm
                    PORTC   0x000f82       data     extern C:\MCC18\src\traditional\proc\p18F2550.asm
                PORTCbits   0x000f82       data     extern C:\MCC18\src\traditional\proc\p18F2550.asm
                    PORTE   0x000f84       data     extern C:\MCC18\src\traditional\proc\p18F2550.asm
                PORTEbits   0x000f84       data     extern C:\MCC18\src\traditional\proc\p18F2550.asm
                 POSTDEC0   0x000fed       data     extern C:\MCC18\src\traditional\proc\p18F2550.asm
                 POSTDEC1   0x000fe5       data     extern C:\MCC18\src\traditional\proc\p18F2550.asm
                 POSTDEC2   0x000fdd       data     extern C:\MCC18\src\traditional\proc\p18F2550.asm
                 POSTINC0   0x000fee       data     extern C:\MCC18\src\traditional\proc\p18F2550.asm
                 POSTINC1   0x000fe6       data     extern C:\MCC18\src\traditional\proc\p18F2550.asm
                 POSTINC2   0x000fde       data     extern C:\MCC18\src\traditional\proc\p18F2550.asm
                      PR2   0x000fcb       data     extern C:\MCC18\src\traditional\proc\p18F2550.asm
                  PREINC0   0x000fec       data     extern C:\MCC18\src\traditional\proc\p18F2550.asm
                  PREINC1   0x000fe4       data     extern C:\MCC18\src\traditional\proc\p18F2550.asm
                  PREINC2   0x000fdc       data     extern C:\MCC18\src\traditional\proc\p18F2550.asm
                     PROD   0x000ff3       data     extern C:\MCC18\src\traditional\proc\p18F2550.asm
                    PRODH   0x000ff4       data     extern C:\MCC18\src\traditional\proc\p18F2550.asm
                    PRODL   0x000ff3       data     extern C:\MCC18\src\traditional\proc\p18F2550.asm
        PartitionLBABegin   0x00072a       data     extern D:\Proyectos\Electrónica\FATLib_v1.2\FATLib.c
                     RCON   0x000fd0       data     extern C:\MCC18\src\traditional\proc\p18F2550.asm
                 RCONbits   0x000fd0       data     extern C:\MCC18\src\traditional\proc\p18F2550.asm
                    RCREG   0x000fae       data     extern C:\MCC18\src\traditional\proc\p18F2550.asm
                    RCSTA   0x000fab       data     extern C:\MCC18\src\traditional\proc\p18F2550.asm
                RCSTAbits   0x000fab       data     extern C:\MCC18\src\traditional\proc\p18F2550.asm
RootDirectoryFirstCluster   0x000728       data     extern D:\Proyectos\Electrónica\FATLib_v1.2\FATLib.c
                     SIGN   0x000031       data     extern C:\MCC18\src\traditional\math\cmath18.asm
                    SPBRG   0x000faf       data     extern C:\MCC18\src\traditional\proc\p18F2550.asm
                   SPBRGH   0x000fb0       data     extern C:\MCC18\src\traditional\proc\p18F2550.asm
                   SSPADD   0x000fc8       data     extern C:\MCC18\src\traditional\proc\p18F2550.asm
                   SSPBUF   0x000fc9       data     extern C:\MCC18\src\traditional\proc\p18F2550.asm
                  SSPCON1   0x000fc6       data     extern C:\MCC18\src\traditional\proc\p18F2550.asm
              SSPCON1bits   0x000fc6       data     extern C:\MCC18\src\traditional\proc\p18F2550.asm
                  SSPCON2   0x000fc5       data     extern C:\MCC18\src\traditional\proc\p18F2550.asm
              SSPCON2bits   0x000fc5       data     extern C:\MCC18\src\traditional\proc\p18F2550.asm
                  SSPSTAT   0x000fc7       data     extern C:\MCC18\src\traditional\proc\p18F2550.asm
              SSPSTATbits   0x000fc7       data     extern C:\MCC18\src\traditional\proc\p18F2550.asm
                   STATUS   0x000fd8       data     extern C:\MCC18\src\traditional\proc\p18F2550.asm
               STATUSbits   0x000fd8       data     extern C:\MCC18\src\traditional\proc\p18F2550.asm
                   STKPTR   0x000ffc       data     extern C:\MCC18\src\traditional\proc\p18F2550.asm
               STKPTRbits   0x000ffc       data     extern C:\MCC18\src\traditional\proc\p18F2550.asm
             SectorBuffer   0x000500       data     extern D:\Proyectos\Electrónica\FATLib_v1.2\FATLib.c
        SectorsPerCluster   0x000722       data     extern D:\Proyectos\Electrónica\FATLib_v1.2\FATLib.c
            SectorsPerFAT   0x000726       data     extern D:\Proyectos\Electrónica\FATLib_v1.2\FATLib.c
                    T0CON   0x000fd5       data     extern C:\MCC18\src\traditional\proc\p18F2550.asm
                T0CONbits   0x000fd5       data     extern C:\MCC18\src\traditional\proc\p18F2550.asm
                    T1CON   0x000fcd       data     extern C:\MCC18\src\traditional\proc\p18F2550.asm
                T1CONbits   0x000fcd       data     extern C:\MCC18\src\traditional\proc\p18F2550.asm
                    T2CON   0x000fca       data     extern C:\MCC18\src\traditional\proc\p18F2550.asm
                T2CONbits   0x000fca       data     extern C:\MCC18\src\traditional\proc\p18F2550.asm
                    T3CON   0x000fb1       data     extern C:\MCC18\src\traditional\proc\p18F2550.asm
                T3CONbits   0x000fb1       data     extern C:\MCC18\src\traditional\proc\p18F2550.asm
                   TABLAT   0x000ff5       data     extern C:\MCC18\src\traditional\proc\p18F2550.asm
                   TBLPTR   0x000ff6       data     extern C:\MCC18\src\traditional\proc\p18F2550.asm
                  TBLPTRH   0x000ff7       data     extern C:\MCC18\src\traditional\proc\p18F2550.asm
                  TBLPTRL   0x000ff6       data     extern C:\MCC18\src\traditional\proc\p18F2550.asm
                  TBLPTRU   0x000ff8       data     extern C:\MCC18\src\traditional\proc\p18F2550.asm
                    TMR0H   0x000fd7       data     extern C:\MCC18\src\traditional\proc\p18F2550.asm
                    TMR0L   0x000fd6       data     extern C:\MCC18\src\traditional\proc\p18F2550.asm
                    TMR1H   0x000fcf       data     extern C:\MCC18\src\traditional\proc\p18F2550.asm
                    TMR1L   0x000fce       data     extern C:\MCC18\src\traditional\proc\p18F2550.asm
                     TMR2   0x000fcc       data     extern C:\MCC18\src\traditional\proc\p18F2550.asm
                    TMR3H   0x000fb3       data     extern C:\MCC18\src\traditional\proc\p18F2550.asm
                    TMR3L   0x000fb2       data     extern C:\MCC18\src\traditional\proc\p18F2550.asm
                      TOS   0x000ffd       data     extern C:\MCC18\src\traditional\proc\p18F2550.asm
                     TOSH   0x000ffe       data     extern C:\MCC18\src\traditional\proc\p18F2550.asm
                     TOSL   0x000ffd       data     extern C:\MCC18\src\traditional\proc\p18F2550.asm
                     TOSU   0x000fff       data     extern C:\MCC18\src\traditional\proc\p18F2550.asm
                    TRISA   0x000f92       data     extern C:\MCC18\src\traditional\proc\p18F2550.asm
                TRISAbits   0x000f92       data     extern C:\MCC18\src\traditional\proc\p18F2550.asm
                    TRISB   0x000f93       data     extern C:\MCC18\src\traditional\proc\p18F2550.asm
                TRISBbits   0x000f93       data     extern C:\MCC18\src\traditional\proc\p18F2550.asm
                    TRISC   0x000f94       data     extern C:\MCC18\src\traditional\proc\p18F2550.asm
                TRISCbits   0x000f94       data     extern C:\MCC18\src\traditional\proc\p18F2550.asm
                    TXREG   0x000fad       data     extern C:\MCC18\src\traditional\proc\p18F2550.asm
                    TXSTA   0x000fac       data     extern C:\MCC18\src\traditional\proc\p18F2550.asm
                TXSTAbits   0x000fac       data     extern C:\MCC18\src\traditional\proc\p18F2550.asm
                    UADDR   0x000f6e       data     extern C:\MCC18\src\traditional\proc\p18F2550.asm
                UADDRbits   0x000f6e       data     extern C:\MCC18\src\traditional\proc\p18F2550.asm
                     UCFG   0x000f6f       data     extern C:\MCC18\src\traditional\proc\p18F2550.asm
                 UCFGbits   0x000f6f       data     extern C:\MCC18\src\traditional\proc\p18F2550.asm
                     UCON   0x000f6d       data     extern C:\MCC18\src\traditional\proc\p18F2550.asm
                 UCONbits   0x000f6d       data     extern C:\MCC18\src\traditional\proc\p18F2550.asm
                     UEIE   0x000f6b       data     extern C:\MCC18\src\traditional\proc\p18F2550.asm
                 UEIEbits   0x000f6b       data     extern C:\MCC18\src\traditional\proc\p18F2550.asm
                     UEIR   0x000f6a       data     extern C:\MCC18\src\traditional\proc\p18F2550.asm
                 UEIRbits   0x000f6a       data     extern C:\MCC18\src\traditional\proc\p18F2550.asm
                     UEP0   0x000f70       data     extern C:\MCC18\src\traditional\proc\p18F2550.asm
                 UEP0bits   0x000f70       data     extern C:\MCC18\src\traditional\proc\p18F2550.asm
                     UEP1   0x000f71       data     extern C:\MCC18\src\traditional\proc\p18F2550.asm
                    UEP10   0x000f7a       data     extern C:\MCC18\src\traditional\proc\p18F2550.asm
                UEP10bits   0x000f7a       data     extern C:\MCC18\src\traditional\proc\p18F2550.asm
                    UEP11   0x000f7b       data     extern C:\MCC18\src\traditional\proc\p18F2550.asm
                UEP11bits   0x000f7b       data     extern C:\MCC18\src\traditional\proc\p18F2550.asm
                    UEP12   0x000f7c       data     extern C:\MCC18\src\traditional\proc\p18F2550.asm
                UEP12bits   0x000f7c       data     extern C:\MCC18\src\traditional\proc\p18F2550.asm
                    UEP13   0x000f7d       data     extern C:\MCC18\src\traditional\proc\p18F2550.asm
                UEP13bits   0x000f7d       data     extern C:\MCC18\src\traditional\proc\p18F2550.asm
                    UEP14   0x000f7e       data     extern C:\MCC18\src\traditional\proc\p18F2550.asm
                UEP14bits   0x000f7e       data     extern C:\MCC18\src\traditional\proc\p18F2550.asm
                    UEP15   0x000f7f       data     extern C:\MCC18\src\traditional\proc\p18F2550.asm
                UEP15bits   0x000f7f       data     extern C:\MCC18\src\traditional\proc\p18F2550.asm
                 UEP1bits   0x000f71       data     extern C:\MCC18\src\traditional\proc\p18F2550.asm
                     UEP2   0x000f72       data     extern C:\MCC18\src\traditional\proc\p18F2550.asm
                 UEP2bits   0x000f72       data     extern C:\MCC18\src\traditional\proc\p18F2550.asm
                     UEP3   0x000f73       data     extern C:\MCC18\src\traditional\proc\p18F2550.asm
                 UEP3bits   0x000f73       data     extern C:\MCC18\src\traditional\proc\p18F2550.asm
                     UEP4   0x000f74       data     extern C:\MCC18\src\traditional\proc\p18F2550.asm
                 UEP4bits   0x000f74       data     extern C:\MCC18\src\traditional\proc\p18F2550.asm
                     UEP5   0x000f75       data     extern C:\MCC18\src\traditional\proc\p18F2550.asm
                 UEP5bits   0x000f75       data     extern C:\MCC18\src\traditional\proc\p18F2550.asm
                     UEP6   0x000f76       data     extern C:\MCC18\src\traditional\proc\p18F2550.asm
                 UEP6bits   0x000f76       data     extern C:\MCC18\src\traditional\proc\p18F2550.asm
                     UEP7   0x000f77       data     extern C:\MCC18\src\traditional\proc\p18F2550.asm
                 UEP7bits   0x000f77       data     extern C:\MCC18\src\traditional\proc\p18F2550.asm
                     UEP8   0x000f78       data     extern C:\MCC18\src\traditional\proc\p18F2550.asm
                 UEP8bits   0x000f78       data     extern C:\MCC18\src\traditional\proc\p18F2550.asm
                     UEP9   0x000f79       data     extern C:\MCC18\src\traditional\proc\p18F2550.asm
                 UEP9bits   0x000f79       data     extern C:\MCC18\src\traditional\proc\p18F2550.asm
                     UFRM   0x000f66       data     extern C:\MCC18\src\traditional\proc\p18F2550.asm
                    UFRMH   0x000f67       data     extern C:\MCC18\src\traditional\proc\p18F2550.asm
                UFRMHbits   0x000f67       data     extern C:\MCC18\src\traditional\proc\p18F2550.asm
                    UFRML   0x000f66       data     extern C:\MCC18\src\traditional\proc\p18F2550.asm
                UFRMLbits   0x000f66       data     extern C:\MCC18\src\traditional\proc\p18F2550.asm
                      UIE   0x000f69       data     extern C:\MCC18\src\traditional\proc\p18F2550.asm
                  UIEbits   0x000f69       data     extern C:\MCC18\src\traditional\proc\p18F2550.asm
                      UIR   0x000f68       data     extern C:\MCC18\src\traditional\proc\p18F2550.asm
                  UIRbits   0x000f68       data     extern C:\MCC18\src\traditional\proc\p18F2550.asm
                    USTAT   0x000f6c       data     extern C:\MCC18\src\traditional\proc\p18F2550.asm
                USTATbits   0x000f6c       data     extern C:\MCC18\src\traditional\proc\p18F2550.asm
                   WDTCON   0x000fd1       data     extern C:\MCC18\src\traditional\proc\p18F2550.asm
               WDTCONbits   0x000fd1       data     extern C:\MCC18\src\traditional\proc\p18F2550.asm
                     WREG   0x000fe8       data     extern C:\MCC18\src\traditional\proc\p18F2550.asm
                 __AARGB0   0x00002a       data     extern C:\MCC18\src\traditional\math\aarg.asm
                 __AARGB1   0x000029       data     extern C:\MCC18\src\traditional\math\aarg.asm
                 __AARGB2   0x000028       data     extern C:\MCC18\src\traditional\math\aarg.asm
                 __AARGB3   0x000027       data     extern C:\MCC18\src\traditional\math\aarg.asm
                 __AARGB4   0x000026       data     extern C:\MCC18\src\traditional\math\aarg.asm
                 __AARGB5   0x000025       data     extern C:\MCC18\src\traditional\math\aarg.asm
                 __AARGB6   0x000024       data     extern C:\MCC18\src\traditional\math\aarg.asm
                 __AARGB7   0x000023       data     extern C:\MCC18\src\traditional\math\aarg.asm
                   __AEXP   0x00002b       data     extern C:\MCC18\src\traditional\math\aarg.asm
                 __BARGB0   0x00002f       data     extern C:\MCC18\src\traditional\math\barg.asm
                 __BARGB1   0x00002e       data     extern C:\MCC18\src\traditional\math\barg.asm
                 __BARGB2   0x00002d       data     extern C:\MCC18\src\traditional\math\barg.asm
                 __BARGB3   0x00002c       data     extern C:\MCC18\src\traditional\math\barg.asm
                   __BEXP   0x000030       data     extern C:\MCC18\src\traditional\math\barg.asm
                __FPFLAGS   0x000032       data     extern C:\MCC18\src\traditional\math\cmath18.asm
            __FPFLAGSbits   0x000032       data     extern C:\MCC18\src\traditional\math\cmath18.asm
                  __REMB0   0x000026       data     extern C:\MCC18\src\traditional\math\aarg.asm
                  __REMB1   0x000025       data     extern C:\MCC18\src\traditional\math\aarg.asm
                  __REMB2   0x000024       data     extern C:\MCC18\src\traditional\math\aarg.asm
                  __REMB3   0x000023       data     extern C:\MCC18\src\traditional\math\aarg.asm
                   __TEMP   0x000036       data     extern C:\MCC18\src\traditional\math\temparg.asm
                 __TEMPB0   0x000036       data     extern C:\MCC18\src\traditional\math\temparg.asm
                 __TEMPB1   0x000035       data     extern C:\MCC18\src\traditional\math\temparg.asm
                 __TEMPB2   0x000034       data     extern C:\MCC18\src\traditional\math\temparg.asm
                 __TEMPB3   0x000033       data     extern C:\MCC18\src\traditional\math\temparg.asm
                  __tmp_0   0x000000       data     static C:\MCC18\src\traditional\stdclib\printf.c
                  __tmp_0   0x000000       data     static C:\MCC18\src\traditional\stdclib\vfprintf.c
                  __tmp_0   0x000000       data     static C:\MCC18\src\traditional\stdclib\putc.c
                  __tmp_0   0x000000       data     static C:\MCC18\src\pmc_common\USART\uopen.c
                  __tmp_0   0x000000       data     static D:\Proyectos\Electrónica\FATLib_v1.2\FATLib.c
                  __tmp_0   0x000000       data     static D:\Proyectos\Electrónica\FATLib_v1.2\Main.c
                  __tmp_0   0x000000       data     static D:\Proyectos\Electrónica\FATLib_v1.2\SDDriver.c
                curr_byte   0x000063       data     static C:\MCC18\src\traditional\startup\c018i.c
               curr_entry   0x000065       data     static C:\MCC18\src\traditional\startup\c018i.c
                 data_ptr   0x000067       data     static C:\MCC18\src\traditional\startup\c018i.c
                     prom   0x000060       data     static C:\MCC18\src\traditional\startup\c018i.c
                   stdout   0x00006a       data     extern C:\MCC18\src\traditional\stdclib\stdout.c



                              Symbols - Sorted by Address
                     Name    Address   Location    Storage File                     
                ---------  ---------  ---------  --------- ---------                
                   _entry   0x000000    program     extern C:\MCC18\src\traditional\startup\c018i.c
       ___return_lbl00000   0x000004    program     static                          
                   Make32   0x000014    program     extern D:\Proyectos\Electrónica\FATLib_v1.2\FATLib.c
                   Make16   0x000110    program     extern D:\Proyectos\Electrónica\FATLib_v1.2\FATLib.c
                  BitTest   0x00015e    program     extern D:\Proyectos\Electrónica\FATLib_v1.2\FATLib.c
               ReadSector   0x0001fe    program     extern D:\Proyectos\Electrónica\FATLib_v1.2\FATLib.c
             ReadDirEntry   0x00023e    program     extern D:\Proyectos\Electrónica\FATLib_v1.2\FATLib.c
                 GetEntry   0x0002d4    program     extern D:\Proyectos\Electrónica\FATLib_v1.2\FATLib.c
    FindFirstFATPartition   0x0004cc    program     extern D:\Proyectos\Electrónica\FATLib_v1.2\FATLib.c
             ReadVolumeID   0x0005be    program     extern D:\Proyectos\Electrónica\FATLib_v1.2\FATLib.c
               ComputeLBA   0x000816    program     extern D:\Proyectos\Electrónica\FATLib_v1.2\FATLib.c
               CheckIfEOD   0x0008ae    program     extern D:\Proyectos\Electrónica\FATLib_v1.2\FATLib.c
                 GetAttib   0x0008c0    program     extern D:\Proyectos\Electrónica\FATLib_v1.2\FATLib.c
        CheckIfNormalFile   0x0008c8    program     extern D:\Proyectos\Electrónica\FATLib_v1.2\FATLib.c
    DetermineDirEntryType   0x0008f6    program     extern D:\Proyectos\Electrónica\FATLib_v1.2\FATLib.c
              GetFileSize   0x000958    program     extern D:\Proyectos\Electrónica\FATLib_v1.2\FATLib.c
              GetFileName   0x000978    program     extern D:\Proyectos\Electrónica\FATLib_v1.2\FATLib.c
               GetDirName   0x000a18    program     extern D:\Proyectos\Electrónica\FATLib_v1.2\FATLib.c
      GetFileFirstCluster   0x000a7c    program     extern D:\Proyectos\Electrónica\FATLib_v1.2\FATLib.c
                  ReadFAT   0x000a9c    program     extern D:\Proyectos\Electrónica\FATLib_v1.2\FATLib.c
            OpenDirectory   0x000cfe    program     extern D:\Proyectos\Electrónica\FATLib_v1.2\FATLib.c
             FindNextFile   0x000d5e    program     extern D:\Proyectos\Electrónica\FATLib_v1.2\FATLib.c
           CloseDirectory   0x00112a    program     extern D:\Proyectos\Electrónica\FATLib_v1.2\FATLib.c
                 OpenFile   0x001130    program     extern D:\Proyectos\Electrónica\FATLib_v1.2\FATLib.c
                 ReadFile   0x0011e2    program     extern D:\Proyectos\Electrónica\FATLib_v1.2\FATLib.c
                CloseFile   0x001592    program     extern D:\Proyectos\Electrónica\FATLib_v1.2\FATLib.c
            s_put_n_chars   0x001598    program     static C:\MCC18\src\traditional\stdclib\vfprintf.c
                 vfprintf   0x0015f6    program     extern C:\MCC18\src\traditional\stdclib\vfprintf.c
              __tmplbl_97   0x00162c    program     static                          
              __tmplbl_45   0x00268a    program     static                          
              __tmplbl_43   0x0027bc    program     static                          
              __tmplbl_63   0x0027e8    program     static                          
              __tmplbl_65   0x0027e8    program     static                          
              __tmplbl_67   0x0027e8    program     static                          
              __tmplbl_68   0x0027e8    program     static                          
              __tmplbl_62   0x0027e8    program     static                          
              __tmplbl_70   0x0027e8    program     static                          
              __tmplbl_72   0x0027e8    program     static                          
              __tmplbl_73   0x0027e8    program     static                          
              __tmplbl_75   0x0027e8    program     static                          
              __tmplbl_59   0x0027e8    program     static                          
              __tmplbl_74   0x0027f8    program     static                          
              __tmplbl_61   0x0027f8    program     static                          
              __tmplbl_69   0x0027f8    program     static                          
              __tmplbl_60   0x0027f8    program     static                          
              __tmplbl_58   0x0027f8    program     static                          
              __tmplbl_64   0x0027f8    program     static                          
              __tmplbl_42   0x00281c    program     static                          
               SDResponse   0x002848    program     extern D:\Proyectos\Electrónica\FATLib_v1.2\SDDriver.c
              SDConfigure   0x0028be    program     extern D:\Proyectos\Electrónica\FATLib_v1.2\SDDriver.c
                   SDInit   0x0028fe    program     extern D:\Proyectos\Electrónica\FATLib_v1.2\SDDriver.c
             SDWriteBlock   0x002aba    program     extern D:\Proyectos\Electrónica\FATLib_v1.2\SDDriver.c
              SDReadBlock   0x002c7c    program     extern D:\Proyectos\Electrónica\FATLib_v1.2\SDDriver.c
                     main   0x002dfe    program     extern D:\Proyectos\Electrónica\FATLib_v1.2\Main.c
                 UserInit   0x0030f4    program     extern D:\Proyectos\Electrónica\FATLib_v1.2\Main.c
            BlockToSerial   0x00312a    program     extern D:\Proyectos\Electrónica\FATLib_v1.2\Main.c
              __string_16   0x003230    program     static D:\Proyectos\Electrónica\FATLib_v1.2\Main.c
              __string_15   0x003236    program     static D:\Proyectos\Electrónica\FATLib_v1.2\Main.c
              __string_14   0x003284    program     static D:\Proyectos\Electrónica\FATLib_v1.2\Main.c
              __string_13   0x003287    program     static D:\Proyectos\Electrónica\FATLib_v1.2\Main.c
              __string_12   0x0032a0    program     static D:\Proyectos\Electrónica\FATLib_v1.2\Main.c
              __string_11   0x0032b5    program     static D:\Proyectos\Electrónica\FATLib_v1.2\Main.c
              __string_10   0x0032c9    program     static D:\Proyectos\Electrónica\FATLib_v1.2\Main.c
               __string_9   0x0032ec    program     static D:\Proyectos\Electrónica\FATLib_v1.2\Main.c
               __string_8   0x003302    program     static D:\Proyectos\Electrónica\FATLib_v1.2\Main.c
               __string_7   0x003317    program     static D:\Proyectos\Electrónica\FATLib_v1.2\Main.c
               __string_6   0x003338    program     static D:\Proyectos\Electrónica\FATLib_v1.2\Main.c
               __string_5   0x003352    program     static D:\Proyectos\Electrónica\FATLib_v1.2\Main.c
               __string_4   0x003369    program     static D:\Proyectos\Electrónica\FATLib_v1.2\Main.c
               __string_3   0x0033aa    program     static D:\Proyectos\Electrónica\FATLib_v1.2\Main.c
               __string_2   0x0033bd    program     static D:\Proyectos\Electrónica\FATLib_v1.2\Main.c
               __string_1   0x0033d0    program     static D:\Proyectos\Electrónica\FATLib_v1.2\Main.c
               __string_0   0x0033ee    program     static D:\Proyectos\Electrónica\FATLib_v1.2\Main.c
               __string_0   0x003414    program     static D:\Proyectos\Electrónica\FATLib_v1.2\FATLib.c
                _do_cinit   0x003420    program     extern C:\MCC18\src\traditional\startup\c018i.c
                     test   0x00343a    program     static                          
                copy_loop   0x003492    program     static                          
            copy_one_byte   0x003498    program     static                          
             done_copying   0x0034a6    program     static                          
                     done   0x0034bc    program     static                          
       ___return_lbl00002   0x0034bc    program     static                          
            SpiSetDivisor   0x0034be    program     extern D:\Proyectos\Electrónica\FATLib_v1.2\SpiDriver.c
      SpiSetClockPolarity   0x0034de    program     extern D:\Proyectos\Electrónica\FATLib_v1.2\SpiDriver.c
       SpiSetTXTransition   0x0034fa    program     extern D:\Proyectos\Electrónica\FATLib_v1.2\SpiDriver.c
         SpiSetSampleMode   0x003516    program     extern D:\Proyectos\Electrónica\FATLib_v1.2\SpiDriver.c
                  SpiInit   0x003532    program     extern D:\Proyectos\Electrónica\FATLib_v1.2\SpiDriver.c
                    SpiRW   0x00353a    program     extern D:\Proyectos\Electrónica\FATLib_v1.2\SpiDriver.c
                   printf   0x003558    program     extern C:\MCC18\src\traditional\stdclib\printf.c
                OpenUSART   0x0035f0    program     extern C:\MCC18\src\pmc_common\USART\uopen.c
                     putc   0x00367a    program     extern C:\MCC18\src\traditional\stdclib\putc.c
                  FXM3232   0x0036fe    program     extern C:\MCC18\src\traditional\math\fxm3232.c
       ___return_lbl00000   0x00376c    program     static                          
                   strlen   0x00376e    program     extern C:\MCC18\src\traditional\stdclib\strlen.asm
                    jLoop   0x00377e    program     static C:\MCC18\src\traditional\stdclib\strlen.asm
                     jEnd   0x003788    program     static C:\MCC18\src\traditional\stdclib\strlen.asm
                strlenpgm   0x00378a    program     extern C:\MCC18\src\traditional\stdclib\slenpgm.asm
                    jLoop   0x0037a8    program     static C:\MCC18\src\traditional\stdclib\slenpgm.asm
                   _2jEnd   0x0037be    program     static C:\MCC18\src\traditional\stdclib\slenpgm.asm
                     jEnd   0x0037c0    program     static C:\MCC18\src\traditional\stdclib\slenpgm.asm
                 FXM1616S   0x0037d4    program     extern C:\MCC18\src\traditional\math\fxm1616s.asm
               TSIGN1616A   0x003820    program     static C:\MCC18\src\traditional\math\fxm1616s.asm
                 FXD3232U   0x00382e    program     extern C:\MCC18\src\traditional\math\fxd3232u.c
                     loop   0x00383c    program     static                          
                   _false   0x003870    program     static                          
       ___return_lbl00000   0x003874    program     static                          
                  isdigit   0x003876    program     extern C:\MCC18\src\traditional\stdclib\isdigit.asm
                   jMatch   0x003896    program     static C:\MCC18\src\traditional\stdclib\isdigit.asm
                 jNoMatch   0x003898    program     static C:\MCC18\src\traditional\stdclib\isdigit.asm
                 _startup   0x00389a    program     extern C:\MCC18\src\traditional\startup\c018i.c
                     loop   0x0038aa    program     static                          
       ___return_lbl00001   0x0038b4    program     static                          
              _usart_putc   0x0038b6    program     extern C:\MCC18\src\pmc_common\USART\_usartpc.asm
                     loop   0x0038c6    program     static C:\MCC18\src\pmc_common\USART\_usartpc.asm
                 s_digits   0x0038d2    program     static C:\MCC18\src\traditional\stdclib\vfprintf.c
            __zero_memory   0x0038e4    program     extern C:\MCC18\src\traditional\proc\p18F2550.asm
               clear_loop   0x0038ea    program     static C:\MCC18\src\traditional\proc\p18F2550.asm
               _user_putc   0x0038f2    program     extern C:\MCC18\src\traditional\stdclib\_user_putc.c
                   __init   0x0038f4    program     extern C:\MCC18\src\traditional\stdclib\__init.c
               __config_0   0x300000    program     static D:\Proyectos\Electrónica\FATLib_v1.2\Main.c
               __config_1   0x300001    program     static D:\Proyectos\Electrónica\FATLib_v1.2\Main.c
               __config_2   0x300002    program     static D:\Proyectos\Electrónica\FATLib_v1.2\Main.c
               __config_3   0x300003    program     static D:\Proyectos\Electrónica\FATLib_v1.2\Main.c
               __config_4   0x300005    program     static D:\Proyectos\Electrónica\FATLib_v1.2\Main.c
               __config_5   0x300006    program     static D:\Proyectos\Electrónica\FATLib_v1.2\Main.c
                  __tmp_0   0x000000       data     static D:\Proyectos\Electrónica\FATLib_v1.2\SDDriver.c
                  __tmp_0   0x000000       data     static D:\Proyectos\Electrónica\FATLib_v1.2\Main.c
                  __tmp_0   0x000000       data     static D:\Proyectos\Electrónica\FATLib_v1.2\FATLib.c
                  __tmp_0   0x000000       data     static C:\MCC18\src\pmc_common\USART\uopen.c
                  __tmp_0   0x000000       data     static C:\MCC18\src\traditional\stdclib\putc.c
                  __tmp_0   0x000000       data     static C:\MCC18\src\traditional\stdclib\vfprintf.c
                  __tmp_0   0x000000       data     static C:\MCC18\src\traditional\stdclib\printf.c
                  __REMB3   0x000023       data     extern C:\MCC18\src\traditional\math\aarg.asm
                 __AARGB7   0x000023       data     extern C:\MCC18\src\traditional\math\aarg.asm
                  __REMB2   0x000024       data     extern C:\MCC18\src\traditional\math\aarg.asm
                 __AARGB6   0x000024       data     extern C:\MCC18\src\traditional\math\aarg.asm
                  __REMB1   0x000025       data     extern C:\MCC18\src\traditional\math\aarg.asm
                 __AARGB5   0x000025       data     extern C:\MCC18\src\traditional\math\aarg.asm
                  __REMB0   0x000026       data     extern C:\MCC18\src\traditional\math\aarg.asm
                 __AARGB4   0x000026       data     extern C:\MCC18\src\traditional\math\aarg.asm
                 __AARGB3   0x000027       data     extern C:\MCC18\src\traditional\math\aarg.asm
                 __AARGB2   0x000028       data     extern C:\MCC18\src\traditional\math\aarg.asm
                 __AARGB1   0x000029       data     extern C:\MCC18\src\traditional\math\aarg.asm
                 __AARGB0   0x00002a       data     extern C:\MCC18\src\traditional\math\aarg.asm
                   __AEXP   0x00002b       data     extern C:\MCC18\src\traditional\math\aarg.asm
                 __BARGB3   0x00002c       data     extern C:\MCC18\src\traditional\math\barg.asm
                 __BARGB2   0x00002d       data     extern C:\MCC18\src\traditional\math\barg.asm
                 __BARGB1   0x00002e       data     extern C:\MCC18\src\traditional\math\barg.asm
                 __BARGB0   0x00002f       data     extern C:\MCC18\src\traditional\math\barg.asm
                   __BEXP   0x000030       data     extern C:\MCC18\src\traditional\math\barg.asm
                     SIGN   0x000031       data     extern C:\MCC18\src\traditional\math\cmath18.asm
                __FPFLAGS   0x000032       data     extern C:\MCC18\src\traditional\math\cmath18.asm
            __FPFLAGSbits   0x000032       data     extern C:\MCC18\src\traditional\math\cmath18.asm
                 __TEMPB3   0x000033       data     extern C:\MCC18\src\traditional\math\temparg.asm
                 __TEMPB2   0x000034       data     extern C:\MCC18\src\traditional\math\temparg.asm
                 __TEMPB1   0x000035       data     extern C:\MCC18\src\traditional\math\temparg.asm
                   __TEMP   0x000036       data     extern C:\MCC18\src\traditional\math\temparg.asm
                 __TEMPB0   0x000036       data     extern C:\MCC18\src\traditional\math\temparg.asm
                     prom   0x000060       data     static C:\MCC18\src\traditional\startup\c018i.c
                curr_byte   0x000063       data     static C:\MCC18\src\traditional\startup\c018i.c
               curr_entry   0x000065       data     static C:\MCC18\src\traditional\startup\c018i.c
                 data_ptr   0x000067       data     static C:\MCC18\src\traditional\startup\c018i.c
                   stdout   0x00006a       data     extern C:\MCC18\src\traditional\stdclib\stdout.c
             SectorBuffer   0x000500       data     extern D:\Proyectos\Electrónica\FATLib_v1.2\FATLib.c
                 DirEntry   0x000700       data     extern D:\Proyectos\Electrónica\FATLib_v1.2\FATLib.c
           BytesPerSector   0x000720       data     extern D:\Proyectos\Electrónica\FATLib_v1.2\FATLib.c
        SectorsPerCluster   0x000722       data     extern D:\Proyectos\Electrónica\FATLib_v1.2\FATLib.c
  NumberOfReservedSectors   0x000723       data     extern D:\Proyectos\Electrónica\FATLib_v1.2\FATLib.c
             NumberOfFATs   0x000725       data     extern D:\Proyectos\Electrónica\FATLib_v1.2\FATLib.c
            SectorsPerFAT   0x000726       data     extern D:\Proyectos\Electrónica\FATLib_v1.2\FATLib.c
RootDirectoryFirstCluster   0x000728       data     extern D:\Proyectos\Electrónica\FATLib_v1.2\FATLib.c
        PartitionLBABegin   0x00072a       data     extern D:\Proyectos\Electrónica\FATLib_v1.2\FATLib.c
              FatBeginLBA   0x00072c       data     extern D:\Proyectos\Electrónica\FATLib_v1.2\FATLib.c
             DataBeginLBA   0x00072e       data     extern D:\Proyectos\Electrónica\FATLib_v1.2\FATLib.c
              FAT16Offset   0x000730       data     extern D:\Proyectos\Electrónica\FATLib_v1.2\FATLib.c
  DirectoryCurrentCluster   0x000731       data     extern D:\Proyectos\Electrónica\FATLib_v1.2\FATLib.c
      DirectoryCurrentLBA   0x000735       data     extern D:\Proyectos\Electrónica\FATLib_v1.2\FATLib.c
 DirectoryCurrentDirEntry   0x000739       data     extern D:\Proyectos\Electrónica\FATLib_v1.2\FATLib.c
   DirectoryCurrentSector   0x00073a       data     extern D:\Proyectos\Electrónica\FATLib_v1.2\FATLib.c
          DirectoryOpened   0x00073c       data     extern D:\Proyectos\Electrónica\FATLib_v1.2\FATLib.c
               EODReached   0x00073d       data     extern D:\Proyectos\Electrónica\FATLib_v1.2\FATLib.c
       FileCurrentCluster   0x00073e       data     extern D:\Proyectos\Electrónica\FATLib_v1.2\FATLib.c
           FileCurrentLBA   0x000742       data     extern D:\Proyectos\Electrónica\FATLib_v1.2\FATLib.c
        FileCurrentSector   0x000746       data     extern D:\Proyectos\Electrónica\FATLib_v1.2\FATLib.c
          FileLengthCount   0x000748       data     extern D:\Proyectos\Electrónica\FATLib_v1.2\FATLib.c
       FileSectorPosition   0x00074c       data     extern D:\Proyectos\Electrónica\FATLib_v1.2\FATLib.c
               FileOpened   0x00074e       data     extern D:\Proyectos\Electrónica\FATLib_v1.2\FATLib.c
                UFRMLbits   0x000f66       data     extern C:\MCC18\src\traditional\proc\p18F2550.asm
                    UFRML   0x000f66       data     extern C:\MCC18\src\traditional\proc\p18F2550.asm
                     UFRM   0x000f66       data     extern C:\MCC18\src\traditional\proc\p18F2550.asm
                UFRMHbits   0x000f67       data     extern C:\MCC18\src\traditional\proc\p18F2550.asm
                    UFRMH   0x000f67       data     extern C:\MCC18\src\traditional\proc\p18F2550.asm
                      UIR   0x000f68       data     extern C:\MCC18\src\traditional\proc\p18F2550.asm
                  UIRbits   0x000f68       data     extern C:\MCC18\src\traditional\proc\p18F2550.asm
                  UIEbits   0x000f69       data     extern C:\MCC18\src\traditional\proc\p18F2550.asm
                      UIE   0x000f69       data     extern C:\MCC18\src\traditional\proc\p18F2550.asm
                 UEIRbits   0x000f6a       data     extern C:\MCC18\src\traditional\proc\p18F2550.asm
                     UEIR   0x000f6a       data     extern C:\MCC18\src\traditional\proc\p18F2550.asm
                     UEIE   0x000f6b       data     extern C:\MCC18\src\traditional\proc\p18F2550.asm
                 UEIEbits   0x000f6b       data     extern C:\MCC18\src\traditional\proc\p18F2550.asm
                USTATbits   0x000f6c       data     extern C:\MCC18\src\traditional\proc\p18F2550.asm
                    USTAT   0x000f6c       data     extern C:\MCC18\src\traditional\proc\p18F2550.asm
                 UCONbits   0x000f6d       data     extern C:\MCC18\src\traditional\proc\p18F2550.asm
                     UCON   0x000f6d       data     extern C:\MCC18\src\traditional\proc\p18F2550.asm
                    UADDR   0x000f6e       data     extern C:\MCC18\src\traditional\proc\p18F2550.asm
                UADDRbits   0x000f6e       data     extern C:\MCC18\src\traditional\proc\p18F2550.asm
                     UCFG   0x000f6f       data     extern C:\MCC18\src\traditional\proc\p18F2550.asm
                 UCFGbits   0x000f6f       data     extern C:\MCC18\src\traditional\proc\p18F2550.asm
                     UEP0   0x000f70       data     extern C:\MCC18\src\traditional\proc\p18F2550.asm
                 UEP0bits   0x000f70       data     extern C:\MCC18\src\traditional\proc\p18F2550.asm
                 UEP1bits   0x000f71       data     extern C:\MCC18\src\traditional\proc\p18F2550.asm
                     UEP1   0x000f71       data     extern C:\MCC18\src\traditional\proc\p18F2550.asm
                     UEP2   0x000f72       data     extern C:\MCC18\src\traditional\proc\p18F2550.asm
                 UEP2bits   0x000f72       data     extern C:\MCC18\src\traditional\proc\p18F2550.asm
                     UEP3   0x000f73       data     extern C:\MCC18\src\traditional\proc\p18F2550.asm
                 UEP3bits   0x000f73       data     extern C:\MCC18\src\traditional\proc\p18F2550.asm
                     UEP4   0x000f74       data     extern C:\MCC18\src\traditional\proc\p18F2550.asm
                 UEP4bits   0x000f74       data     extern C:\MCC18\src\traditional\proc\p18F2550.asm
                 UEP5bits   0x000f75       data     extern C:\MCC18\src\traditional\proc\p18F2550.asm
                     UEP5   0x000f75       data     extern C:\MCC18\src\traditional\proc\p18F2550.asm
                 UEP6bits   0x000f76       data     extern C:\MCC18\src\traditional\proc\p18F2550.asm
                     UEP6   0x000f76       data     extern C:\MCC18\src\traditional\proc\p18F2550.asm
                     UEP7   0x000f77       data     extern C:\MCC18\src\traditional\proc\p18F2550.asm
                 UEP7bits   0x000f77       data     extern C:\MCC18\src\traditional\proc\p18F2550.asm
                     UEP8   0x000f78       data     extern C:\MCC18\src\traditional\proc\p18F2550.asm
                 UEP8bits   0x000f78       data     extern C:\MCC18\src\traditional\proc\p18F2550.asm
                     UEP9   0x000f79       data     extern C:\MCC18\src\traditional\proc\p18F2550.asm
                 UEP9bits   0x000f79       data     extern C:\MCC18\src\traditional\proc\p18F2550.asm
                UEP10bits   0x000f7a       data     extern C:\MCC18\src\traditional\proc\p18F2550.asm
                    UEP10   0x000f7a       data     extern C:\MCC18\src\traditional\proc\p18F2550.asm
                UEP11bits   0x000f7b       data     extern C:\MCC18\src\traditional\proc\p18F2550.asm
                    UEP11   0x000f7b       data     extern C:\MCC18\src\traditional\proc\p18F2550.asm
                UEP12bits   0x000f7c       data     extern C:\MCC18\src\traditional\proc\p18F2550.asm
                    UEP12   0x000f7c       data     extern C:\MCC18\src\traditional\proc\p18F2550.asm
                UEP13bits   0x000f7d       data     extern C:\MCC18\src\traditional\proc\p18F2550.asm
                    UEP13   0x000f7d       data     extern C:\MCC18\src\traditional\proc\p18F2550.asm
                UEP14bits   0x000f7e       data     extern C:\MCC18\src\traditional\proc\p18F2550.asm
                    UEP14   0x000f7e       data     extern C:\MCC18\src\traditional\proc\p18F2550.asm
                UEP15bits   0x000f7f       data     extern C:\MCC18\src\traditional\proc\p18F2550.asm
                    UEP15   0x000f7f       data     extern C:\MCC18\src\traditional\proc\p18F2550.asm
                    PORTA   0x000f80       data     extern C:\MCC18\src\traditional\proc\p18F2550.asm
                PORTAbits   0x000f80       data     extern C:\MCC18\src\traditional\proc\p18F2550.asm
                    PORTB   0x000f81       data     extern C:\MCC18\src\traditional\proc\p18F2550.asm
                PORTBbits   0x000f81       data     extern C:\MCC18\src\traditional\proc\p18F2550.asm
                    PORTC   0x000f82       data     extern C:\MCC18\src\traditional\proc\p18F2550.asm
                PORTCbits   0x000f82       data     extern C:\MCC18\src\traditional\proc\p18F2550.asm
                    PORTE   0x000f84       data     extern C:\MCC18\src\traditional\proc\p18F2550.asm
                PORTEbits   0x000f84       data     extern C:\MCC18\src\traditional\proc\p18F2550.asm
                     LATA   0x000f89       data     extern C:\MCC18\src\traditional\proc\p18F2550.asm
                 LATAbits   0x000f89       data     extern C:\MCC18\src\traditional\proc\p18F2550.asm
                     LATB   0x000f8a       data     extern C:\MCC18\src\traditional\proc\p18F2550.asm
                 LATBbits   0x000f8a       data     extern C:\MCC18\src\traditional\proc\p18F2550.asm
                     LATC   0x000f8b       data     extern C:\MCC18\src\traditional\proc\p18F2550.asm
                 LATCbits   0x000f8b       data     extern C:\MCC18\src\traditional\proc\p18F2550.asm
                 DDRAbits   0x000f92       data     extern C:\MCC18\src\traditional\proc\p18F2550.asm
                    TRISA   0x000f92       data     extern C:\MCC18\src\traditional\proc\p18F2550.asm
                TRISAbits   0x000f92       data     extern C:\MCC18\src\traditional\proc\p18F2550.asm
                     DDRA   0x000f92       data     extern C:\MCC18\src\traditional\proc\p18F2550.asm
                     DDRB   0x000f93       data     extern C:\MCC18\src\traditional\proc\p18F2550.asm
                    TRISB   0x000f93       data     extern C:\MCC18\src\traditional\proc\p18F2550.asm
                TRISBbits   0x000f93       data     extern C:\MCC18\src\traditional\proc\p18F2550.asm
                 DDRBbits   0x000f93       data     extern C:\MCC18\src\traditional\proc\p18F2550.asm
                TRISCbits   0x000f94       data     extern C:\MCC18\src\traditional\proc\p18F2550.asm
                    TRISC   0x000f94       data     extern C:\MCC18\src\traditional\proc\p18F2550.asm
                 DDRCbits   0x000f94       data     extern C:\MCC18\src\traditional\proc\p18F2550.asm
                     DDRC   0x000f94       data     extern C:\MCC18\src\traditional\proc\p18F2550.asm
              OSCTUNEbits   0x000f9b       data     extern C:\MCC18\src\traditional\proc\p18F2550.asm
                  OSCTUNE   0x000f9b       data     extern C:\MCC18\src\traditional\proc\p18F2550.asm
                     PIE1   0x000f9d       data     extern C:\MCC18\src\traditional\proc\p18F2550.asm
                 PIE1bits   0x000f9d       data     extern C:\MCC18\src\traditional\proc\p18F2550.asm
                 PIR1bits   0x000f9e       data     extern C:\MCC18\src\traditional\proc\p18F2550.asm
                     PIR1   0x000f9e       data     extern C:\MCC18\src\traditional\proc\p18F2550.asm
                     IPR1   0x000f9f       data     extern C:\MCC18\src\traditional\proc\p18F2550.asm
                 IPR1bits   0x000f9f       data     extern C:\MCC18\src\traditional\proc\p18F2550.asm
                 PIE2bits   0x000fa0       data     extern C:\MCC18\src\traditional\proc\p18F2550.asm
                     PIE2   0x000fa0       data     extern C:\MCC18\src\traditional\proc\p18F2550.asm
                 PIR2bits   0x000fa1       data     extern C:\MCC18\src\traditional\proc\p18F2550.asm
                     PIR2   0x000fa1       data     extern C:\MCC18\src\traditional\proc\p18F2550.asm
                     IPR2   0x000fa2       data     extern C:\MCC18\src\traditional\proc\p18F2550.asm
                 IPR2bits   0x000fa2       data     extern C:\MCC18\src\traditional\proc\p18F2550.asm
                   EECON1   0x000fa6       data     extern C:\MCC18\src\traditional\proc\p18F2550.asm
               EECON1bits   0x000fa6       data     extern C:\MCC18\src\traditional\proc\p18F2550.asm
                   EECON2   0x000fa7       data     extern C:\MCC18\src\traditional\proc\p18F2550.asm
                   EEDATA   0x000fa8       data     extern C:\MCC18\src\traditional\proc\p18F2550.asm
                    EEADR   0x000fa9       data     extern C:\MCC18\src\traditional\proc\p18F2550.asm
                    RCSTA   0x000fab       data     extern C:\MCC18\src\traditional\proc\p18F2550.asm
                RCSTAbits   0x000fab       data     extern C:\MCC18\src\traditional\proc\p18F2550.asm
                    TXSTA   0x000fac       data     extern C:\MCC18\src\traditional\proc\p18F2550.asm
                TXSTAbits   0x000fac       data     extern C:\MCC18\src\traditional\proc\p18F2550.asm
                    TXREG   0x000fad       data     extern C:\MCC18\src\traditional\proc\p18F2550.asm
                    RCREG   0x000fae       data     extern C:\MCC18\src\traditional\proc\p18F2550.asm
                    SPBRG   0x000faf       data     extern C:\MCC18\src\traditional\proc\p18F2550.asm
                   SPBRGH   0x000fb0       data     extern C:\MCC18\src\traditional\proc\p18F2550.asm
                    T3CON   0x000fb1       data     extern C:\MCC18\src\traditional\proc\p18F2550.asm
                T3CONbits   0x000fb1       data     extern C:\MCC18\src\traditional\proc\p18F2550.asm
                    TMR3L   0x000fb2       data     extern C:\MCC18\src\traditional\proc\p18F2550.asm
                    TMR3H   0x000fb3       data     extern C:\MCC18\src\traditional\proc\p18F2550.asm
                    CMCON   0x000fb4       data     extern C:\MCC18\src\traditional\proc\p18F2550.asm
                CMCONbits   0x000fb4       data     extern C:\MCC18\src\traditional\proc\p18F2550.asm
                   CVRCON   0x000fb5       data     extern C:\MCC18\src\traditional\proc\p18F2550.asm
               CVRCONbits   0x000fb5       data     extern C:\MCC18\src\traditional\proc\p18F2550.asm
              ECCP1ASbits   0x000fb6       data     extern C:\MCC18\src\traditional\proc\p18F2550.asm
                  ECCP1AS   0x000fb6       data     extern C:\MCC18\src\traditional\proc\p18F2550.asm
                   CCP1AS   0x000fb6       data     extern C:\MCC18\src\traditional\proc\p18F2550.asm
               CCP1ASbits   0x000fb6       data     extern C:\MCC18\src\traditional\proc\p18F2550.asm
                  CCP1DEL   0x000fb7       data     extern C:\MCC18\src\traditional\proc\p18F2550.asm
              CCP1DELbits   0x000fb7       data     extern C:\MCC18\src\traditional\proc\p18F2550.asm
             ECCP1DELbits   0x000fb7       data     extern C:\MCC18\src\traditional\proc\p18F2550.asm
                 ECCP1DEL   0x000fb7       data     extern C:\MCC18\src\traditional\proc\p18F2550.asm
                  BAUDCON   0x000fb8       data     extern C:\MCC18\src\traditional\proc\p18F2550.asm
              BAUDCONbits   0x000fb8       data     extern C:\MCC18\src\traditional\proc\p18F2550.asm
                  CCP2CON   0x000fba       data     extern C:\MCC18\src\traditional\proc\p18F2550.asm
              CCP2CONbits   0x000fba       data     extern C:\MCC18\src\traditional\proc\p18F2550.asm
                    CCPR2   0x000fbb       data     extern C:\MCC18\src\traditional\proc\p18F2550.asm
                   CCPR2L   0x000fbb       data     extern C:\MCC18\src\traditional\proc\p18F2550.asm
                   CCPR2H   0x000fbc       data     extern C:\MCC18\src\traditional\proc\p18F2550.asm
                  CCP1CON   0x000fbd       data     extern C:\MCC18\src\traditional\proc\p18F2550.asm
              CCP1CONbits   0x000fbd       data     extern C:\MCC18\src\traditional\proc\p18F2550.asm
                   CCPR1L   0x000fbe       data     extern C:\MCC18\src\traditional\proc\p18F2550.asm
                    CCPR1   0x000fbe       data     extern C:\MCC18\src\traditional\proc\p18F2550.asm
                   CCPR1H   0x000fbf       data     extern C:\MCC18\src\traditional\proc\p18F2550.asm
               ADCON2bits   0x000fc0       data     extern C:\MCC18\src\traditional\proc\p18F2550.asm
                   ADCON2   0x000fc0       data     extern C:\MCC18\src\traditional\proc\p18F2550.asm
               ADCON1bits   0x000fc1       data     extern C:\MCC18\src\traditional\proc\p18F2550.asm
                   ADCON1   0x000fc1       data     extern C:\MCC18\src\traditional\proc\p18F2550.asm
               ADCON0bits   0x000fc2       data     extern C:\MCC18\src\traditional\proc\p18F2550.asm
                   ADCON0   0x000fc2       data     extern C:\MCC18\src\traditional\proc\p18F2550.asm
                    ADRES   0x000fc3       data     extern C:\MCC18\src\traditional\proc\p18F2550.asm
                   ADRESL   0x000fc3       data     extern C:\MCC18\src\traditional\proc\p18F2550.asm
                   ADRESH   0x000fc4       data     extern C:\MCC18\src\traditional\proc\p18F2550.asm
                  SSPCON2   0x000fc5       data     extern C:\MCC18\src\traditional\proc\p18F2550.asm
              SSPCON2bits   0x000fc5       data     extern C:\MCC18\src\traditional\proc\p18F2550.asm
              SSPCON1bits   0x000fc6       data     extern C:\MCC18\src\traditional\proc\p18F2550.asm
                  SSPCON1   0x000fc6       data     extern C:\MCC18\src\traditional\proc\p18F2550.asm
                  SSPSTAT   0x000fc7       data     extern C:\MCC18\src\traditional\proc\p18F2550.asm
              SSPSTATbits   0x000fc7       data     extern C:\MCC18\src\traditional\proc\p18F2550.asm
                   SSPADD   0x000fc8       data     extern C:\MCC18\src\traditional\proc\p18F2550.asm
                   SSPBUF   0x000fc9       data     extern C:\MCC18\src\traditional\proc\p18F2550.asm
                    T2CON   0x000fca       data     extern C:\MCC18\src\traditional\proc\p18F2550.asm
                T2CONbits   0x000fca       data     extern C:\MCC18\src\traditional\proc\p18F2550.asm
                      PR2   0x000fcb       data     extern C:\MCC18\src\traditional\proc\p18F2550.asm
                     TMR2   0x000fcc       data     extern C:\MCC18\src\traditional\proc\p18F2550.asm
                T1CONbits   0x000fcd       data     extern C:\MCC18\src\traditional\proc\p18F2550.asm
                    T1CON   0x000fcd       data     extern C:\MCC18\src\traditional\proc\p18F2550.asm
                    TMR1L   0x000fce       data     extern C:\MCC18\src\traditional\proc\p18F2550.asm
                    TMR1H   0x000fcf       data     extern C:\MCC18\src\traditional\proc\p18F2550.asm
                     RCON   0x000fd0       data     extern C:\MCC18\src\traditional\proc\p18F2550.asm
                 RCONbits   0x000fd0       data     extern C:\MCC18\src\traditional\proc\p18F2550.asm
                   WDTCON   0x000fd1       data     extern C:\MCC18\src\traditional\proc\p18F2550.asm
               WDTCONbits   0x000fd1       data     extern C:\MCC18\src\traditional\proc\p18F2550.asm
              HLVDCONbits   0x000fd2       data     extern C:\MCC18\src\traditional\proc\p18F2550.asm
                  HLVDCON   0x000fd2       data     extern C:\MCC18\src\traditional\proc\p18F2550.asm
                   LVDCON   0x000fd2       data     extern C:\MCC18\src\traditional\proc\p18F2550.asm
               LVDCONbits   0x000fd2       data     extern C:\MCC18\src\traditional\proc\p18F2550.asm
                   OSCCON   0x000fd3       data     extern C:\MCC18\src\traditional\proc\p18F2550.asm
               OSCCONbits   0x000fd3       data     extern C:\MCC18\src\traditional\proc\p18F2550.asm
                    T0CON   0x000fd5       data     extern C:\MCC18\src\traditional\proc\p18F2550.asm
                T0CONbits   0x000fd5       data     extern C:\MCC18\src\traditional\proc\p18F2550.asm
                    TMR0L   0x000fd6       data     extern C:\MCC18\src\traditional\proc\p18F2550.asm
                    TMR0H   0x000fd7       data     extern C:\MCC18\src\traditional\proc\p18F2550.asm
                   STATUS   0x000fd8       data     extern C:\MCC18\src\traditional\proc\p18F2550.asm
               STATUSbits   0x000fd8       data     extern C:\MCC18\src\traditional\proc\p18F2550.asm
                    FSR2L   0x000fd9       data     extern C:\MCC18\src\traditional\proc\p18F2550.asm
                     FSR2   0x000fd9       data     extern C:\MCC18\src\traditional\proc\p18F2550.asm
                    FSR2H   0x000fda       data     extern C:\MCC18\src\traditional\proc\p18F2550.asm
                   PLUSW2   0x000fdb       data     extern C:\MCC18\src\traditional\proc\p18F2550.asm
                  PREINC2   0x000fdc       data     extern C:\MCC18\src\traditional\proc\p18F2550.asm
                 POSTDEC2   0x000fdd       data     extern C:\MCC18\src\traditional\proc\p18F2550.asm
                 POSTINC2   0x000fde       data     extern C:\MCC18\src\traditional\proc\p18F2550.asm
                    INDF2   0x000fdf       data     extern C:\MCC18\src\traditional\proc\p18F2550.asm
                      BSR   0x000fe0       data     extern C:\MCC18\src\traditional\proc\p18F2550.asm
                    FSR1L   0x000fe1       data     extern C:\MCC18\src\traditional\proc\p18F2550.asm
                     FSR1   0x000fe1       data     extern C:\MCC18\src\traditional\proc\p18F2550.asm
                    FSR1H   0x000fe2       data     extern C:\MCC18\src\traditional\proc\p18F2550.asm
                   PLUSW1   0x000fe3       data     extern C:\MCC18\src\traditional\proc\p18F2550.asm
                  PREINC1   0x000fe4       data     extern C:\MCC18\src\traditional\proc\p18F2550.asm
                 POSTDEC1   0x000fe5       data     extern C:\MCC18\src\traditional\proc\p18F2550.asm
                 POSTINC1   0x000fe6       data     extern C:\MCC18\src\traditional\proc\p18F2550.asm
                    INDF1   0x000fe7       data     extern C:\MCC18\src\traditional\proc\p18F2550.asm
                     WREG   0x000fe8       data     extern C:\MCC18\src\traditional\proc\p18F2550.asm
                    FSR0L   0x000fe9       data     extern C:\MCC18\src\traditional\proc\p18F2550.asm
                     FSR0   0x000fe9       data     extern C:\MCC18\src\traditional\proc\p18F2550.asm
                    FSR0H   0x000fea       data     extern C:\MCC18\src\traditional\proc\p18F2550.asm
                   PLUSW0   0x000feb       data     extern C:\MCC18\src\traditional\proc\p18F2550.asm
                  PREINC0   0x000fec       data     extern C:\MCC18\src\traditional\proc\p18F2550.asm
                 POSTDEC0   0x000fed       data     extern C:\MCC18\src\traditional\proc\p18F2550.asm
                 POSTINC0   0x000fee       data     extern C:\MCC18\src\traditional\proc\p18F2550.asm
                    INDF0   0x000fef       data     extern C:\MCC18\src\traditional\proc\p18F2550.asm
              INTCON3bits   0x000ff0       data     extern C:\MCC18\src\traditional\proc\p18F2550.asm
                  INTCON3   0x000ff0       data     extern C:\MCC18\src\traditional\proc\p18F2550.asm
                  INTCON2   0x000ff1       data     extern C:\MCC18\src\traditional\proc\p18F2550.asm
              INTCON2bits   0x000ff1       data     extern C:\MCC18\src\traditional\proc\p18F2550.asm
               INTCONbits   0x000ff2       data     extern C:\MCC18\src\traditional\proc\p18F2550.asm
                   INTCON   0x000ff2       data     extern C:\MCC18\src\traditional\proc\p18F2550.asm
                     PROD   0x000ff3       data     extern C:\MCC18\src\traditional\proc\p18F2550.asm
                    PRODL   0x000ff3       data     extern C:\MCC18\src\traditional\proc\p18F2550.asm
                    PRODH   0x000ff4       data     extern C:\MCC18\src\traditional\proc\p18F2550.asm
                   TABLAT   0x000ff5       data     extern C:\MCC18\src\traditional\proc\p18F2550.asm
                  TBLPTRL   0x000ff6       data     extern C:\MCC18\src\traditional\proc\p18F2550.asm
                   TBLPTR   0x000ff6       data     extern C:\MCC18\src\traditional\proc\p18F2550.asm
                  TBLPTRH   0x000ff7       data     extern C:\MCC18\src\traditional\proc\p18F2550.asm
                  TBLPTRU   0x000ff8       data     extern C:\MCC18\src\traditional\proc\p18F2550.asm
                       PC   0x000ff9       data     extern C:\MCC18\src\traditional\proc\p18F2550.asm
                      PCL   0x000ff9       data     extern C:\MCC18\src\traditional\proc\p18F2550.asm
                   PCLATH   0x000ffa       data     extern C:\MCC18\src\traditional\proc\p18F2550.asm
                   PCLATU   0x000ffb       data     extern C:\MCC18\src\traditional\proc\p18F2550.asm
               STKPTRbits   0x000ffc       data     extern C:\MCC18\src\traditional\proc\p18F2550.asm
                   STKPTR   0x000ffc       data     extern C:\MCC18\src\traditional\proc\p18F2550.asm
                      TOS   0x000ffd       data     extern C:\MCC18\src\traditional\proc\p18F2550.asm
                     TOSL   0x000ffd       data     extern C:\MCC18\src\traditional\proc\p18F2550.asm
                     TOSH   0x000ffe       data     extern C:\MCC18\src\traditional\proc\p18F2550.asm
                     TOSU   0x000fff       data     extern C:\MCC18\src\traditional\proc\p18F2550.asm


